{
    "name": "Catamount Community Forest Management Committee",
    "meetings": [
        {
            "date": "2024-07-11",
            "agenda": "https://www.town.williston.vt.us/index.asp?Type=B_BASIC&SEC={5B8F08D4-5B61-49D3-B463-8D5101672F72}&DE={3DC3D0AE-626C-4686-AFE3-47F469BD267D}"
        },
        {
            "date": "2024-08-22",
            "agenda": "https://www.town.williston.vt.us/index.asp?Type=B_BASIC&SEC={5B8F08D4-5B61-49D3-B463-8D5101672F72}&DE={A3561656-D632-4546-85CF-DD4309F0F4DD}"
        },
        {
            "date": "2024-09-12",
            "agenda": "https://www.town.williston.vt.us/index.asp?Type=B_BASIC&SEC={5B8F08D4-5B61-49D3-B463-8D5101672F72}&DE={E81D51D1-2B86-448F-8476-D7B05C4F5383}"
        },
        {
            "date": "2024-10-10",
            "agenda": "https://www.town.williston.vt.us/index.asp?Type=B_BASIC&SEC={5B8F08D4-5B61-49D3-B463-8D5101672F72}&DE={432CFD80-3DA3-4C3E-8472-106EF6BB00F7}"
        },
        {
            "date": "2024-11-14",
            "agenda": "https://www.town.williston.vt.us/index.asp?Type=B_BASIC&SEC={5B8F08D4-5B61-49D3-B463-8D5101672F72}&DE={F2307F4C-070C-47CD-9B60-C6756A6D5F80}"
        },
        {
            "date": "2025-01-30",
            "agenda": "https://www.town.williston.vt.us/index.asp?Type=B_BASIC&SEC={B5069F58-B180-433A-8C88-5D27737418B7}&DE={17032373-6095-4541-8202-51BE92CEF3B2}"
        },
        {
            "date": "2025-02-13",
            "agenda": "https://www.town.williston.vt.us/index.asp?Type=B_BASIC&SEC={B5069F58-B180-433A-8C88-5D27737418B7}&DE={320E16EB-D967-4C45-947F-70C0023E588D}"
        },
        {
            "date": "2025-03-20",
            "agenda": "https://www.town.williston.vt.us/index.asp?Type=B_BASIC&SEC={B5069F58-B180-433A-8C88-5D27737418B7}&DE={8D0AAC6E-9FD1-4898-8F52-9585600CADFC}"
        }
    ]
}