[
    {
        "date": "2025-04-10",
        "agenda": "https://www.town.williston.vt.us/index.asp?Type=B_BASIC&SEC={B5069F58-B180-433A-8C88-5D27737418B7}&DE={9183BFCA-F1EC-4F67-AA81-E07F3B6B7E86}"
    },
    {
        "date": "2025-02-13",
        "agenda": "https://www.town.williston.vt.us/index.asp?Type=B_BASIC&SEC={B5069F58-B180-433A-8C88-5D27737418B7}&DE={320E16EB-D967-4C45-947F-70C0023E588D}"
    },
    {
        "date": "2025-01-30",
        "agenda": "https://www.town.williston.vt.us/index.asp?Type=B_BASIC&SEC={B5069F58-B180-433A-8C88-5D27737418B7}&DE={17032373-6095-4541-8202-51BE92CEF3B2}"
    },
    {
        "date": "2024-11-14",
        "agenda": "https://www.town.williston.vt.us/index.asp?Type=B_BASIC&SEC={5B8F08D4-5B61-49D3-B463-8D5101672F72}&DE={F2307F4C-070C-47CD-9B60-C6756A6D5F80}"
    },
    {
        "date": "2024-10-10",
        "agenda": "https://www.town.williston.vt.us/index.asp?Type=B_BASIC&SEC={5B8F08D4-5B61-49D3-B463-8D5101672F72}&DE={432CFD80-3DA3-4C3E-8472-106EF6BB00F7}"
    },
    {
        "date": "2024-09-12",
        "agenda": "https://www.town.williston.vt.us/index.asp?Type=B_BASIC&SEC={5B8F08D4-5B61-49D3-B463-8D5101672F72}&DE={E81D51D1-2B86-448F-8476-D7B05C4F5383}"
    },
    {
        "date": "2024-08-22",
        "agenda": "https://www.town.williston.vt.us/index.asp?Type=B_BASIC&SEC={5B8F08D4-5B61-49D3-B463-8D5101672F72}&DE={A3561656-D632-4546-85CF-DD4309F0F4DD}"
    },
    {
        "date": "2024-07-11",
        "agenda": "https://www.town.williston.vt.us/index.asp?Type=B_BASIC&SEC={5B8F08D4-5B61-49D3-B463-8D5101672F72}&DE={3DC3D0AE-626C-4686-AFE3-47F469BD267D}"
    },
    {
        "date": "2024-06-13",
        "agenda": "https://www.town.williston.vt.us/index.asp?Type=B_BASIC&SEC={5B8F08D4-5B61-49D3-B463-8D5101672F72}&DE={150F17E3-B006-44CB-9642-6FB42C1C606F}"
    },
    {
        "date": "2024-05-09",
        "agenda": "https://www.town.williston.vt.us/index.asp?Type=B_BASIC&SEC={5B8F08D4-5B61-49D3-B463-8D5101672F72}&DE={D0A0237D-5302-4978-898D-D3247FF2FAAA}"
    },
    {
        "date": "2024-03-14",
        "agenda": "https://www.town.williston.vt.us/index.asp?Type=B_BASIC&SEC={5B8F08D4-5B61-49D3-B463-8D5101672F72}&DE={4BBEC3A3-5A12-4C64-B1FA-11616FCDFB6B}"
    },
    {
        "date": "2024-02-08",
        "agenda": "https://www.town.williston.vt.us/index.asp?Type=B_BASIC&SEC={5B8F08D4-5B61-49D3-B463-8D5101672F72}&DE={21453128-7595-4F60-9063-27D7563E3290}"
    },
    {
        "date": "2024-01-11",
        "agenda": "https://www.town.williston.vt.us/index.asp?Type=B_BASIC&SEC={5B8F08D4-5B61-49D3-B463-8D5101672F72}&DE={3DF77A81-DD56-4A7C-8852-788E3A53A4E2}"
    },
    {
        "date": "2023-12-14",
        "agenda": "https://www.town.williston.vt.us/index.asp?Type=B_BASIC&SEC={26A148E9-9FDE-410F-8F29-34EBD4ACA8C0}&DE={351FCCED-801B-4F83-9DA4-B52B19024BAC}"
    },
    {
        "date": "2023-11-09",
        "agenda": "https://www.town.williston.vt.us/index.asp?Type=B_BASIC&SEC={26A148E9-9FDE-410F-8F29-34EBD4ACA8C0}&DE={710837BB-2AC9-463F-8D37-367FD838F190}"
    },
    {
        "date": "2023-10-12",
        "agenda": "https://www.town.williston.vt.us/index.asp?Type=B_BASIC&SEC={26A148E9-9FDE-410F-8F29-34EBD4ACA8C0}&DE={D20DDA0D-B233-477E-ADE7-97EA95866589}"
    },
    {
        "date": "2023-09-14",
        "agenda": "https://www.town.williston.vt.us/index.asp?Type=B_BASIC&SEC={26A148E9-9FDE-410F-8F29-34EBD4ACA8C0}&DE={526DE7E0-F8E4-40AC-94B4-CD7A7404A6F9}"
    },
    {
        "date": "2023-08-10",
        "agenda": "https://www.town.williston.vt.us/index.asp?Type=B_BASIC&SEC={26A148E9-9FDE-410F-8F29-34EBD4ACA8C0}&DE={163AE30D-D6B7-4680-9316-FAEC23C3EBD8}"
    },
    {
        "date": "2023-07-13",
        "agenda": "https://www.town.williston.vt.us/index.asp?Type=B_BASIC&SEC={26A148E9-9FDE-410F-8F29-34EBD4ACA8C0}&DE={6FDA0E90-2338-481B-9567-6993549BE629}"
    },
    {
        "date": "2023-06-08",
        "agenda": "https://www.town.williston.vt.us/index.asp?Type=B_BASIC&SEC={26A148E9-9FDE-410F-8F29-34EBD4ACA8C0}&DE={A334073C-10BF-4F79-BDF8-9396B7C1C3BC}"
    },
    {
        "date": "2023-05-11",
        "agenda": "https://www.town.williston.vt.us/index.asp?Type=B_BASIC&SEC={26A148E9-9FDE-410F-8F29-34EBD4ACA8C0}&DE={ACE77222-22D2-4A79-851F-45A1DBFAA095}"
    },
    {
        "date": "2023-04-13",
        "agenda": "https://www.town.williston.vt.us/index.asp?Type=B_BASIC&SEC={26A148E9-9FDE-410F-8F29-34EBD4ACA8C0}&DE={C6665EF4-1B32-450A-9CB6-A3B4D65EF1CB}"
    },
    {
        "date": "2023-02-09",
        "agenda": "https://www.town.williston.vt.us/index.asp?Type=B_BASIC&SEC={26A148E9-9FDE-410F-8F29-34EBD4ACA8C0}&DE={4D257C54-C04F-41F6-BA56-CFCF4C499DBC}"
    },
    {
        "date": "2023-01-12",
        "agenda": "https://www.town.williston.vt.us/index.asp?Type=B_BASIC&SEC={26A148E9-9FDE-410F-8F29-34EBD4ACA8C0}&DE={E75FE51B-0814-4CC2-A4EE-F5CDFC92C633}"
    },
    {
        "date": "2022-12-08",
        "agenda": "https://www.town.williston.vt.us/index.asp?Type=B_BASIC&SEC={0E0491AF-22FA-4714-A2CF-8A0562E79E02}&DE={B2449F96-D3FE-46C0-9243-405F3909A2E4}"
    },
    {
        "date": "2022-11-10",
        "agenda": "https://www.town.williston.vt.us/index.asp?Type=B_BASIC&SEC={0E0491AF-22FA-4714-A2CF-8A0562E79E02}&DE={E959B437-4059-45F2-A323-39846C5FB6A4}"
    },
    {
        "date": "2022-10-13",
        "agenda": "https://www.town.williston.vt.us/index.asp?Type=B_BASIC&SEC={0E0491AF-22FA-4714-A2CF-8A0562E79E02}&DE={E18DB5F6-237D-47A9-905E-1D64FB33EE4D}"
    },
    {
        "date": "2022-09-15",
        "agenda": "https://www.town.williston.vt.us/index.asp?Type=B_BASIC&SEC={0E0491AF-22FA-4714-A2CF-8A0562E79E02}&DE={864324F7-B70F-4838-9B1D-9D30CA13EE91}"
    },
    {
        "date": "2022-09-08",
        "agenda": "https://www.town.williston.vt.us/index.asp?Type=B_BASIC&SEC={0E0491AF-22FA-4714-A2CF-8A0562E79E02}&DE={16E8C916-81F0-4A0D-A423-C6FC5C482CF5}"
    },
    {
        "date": "2022-08-11",
        "agenda": "https://www.town.williston.vt.us/index.asp?Type=B_BASIC&SEC={0E0491AF-22FA-4714-A2CF-8A0562E79E02}&DE={E3CB1D40-67A3-4B71-BEA0-350A08F688CA}"
    },
    {
        "date": "2022-07-14",
        "agenda": "https://www.town.williston.vt.us/index.asp?Type=B_BASIC&SEC={0E0491AF-22FA-4714-A2CF-8A0562E79E02}&DE={3287DC31-A4C0-4084-A2CC-72D618CD66F8}"
    },
    {
        "date": "2022-06-09",
        "agenda": "https://www.town.williston.vt.us/index.asp?Type=B_BASIC&SEC={0E0491AF-22FA-4714-A2CF-8A0562E79E02}&DE={D3C6CC22-4ADF-4201-B84A-DB1C75282726}"
    },
    {
        "date": "2022-05-12",
        "agenda": "https://www.town.williston.vt.us/index.asp?Type=B_BASIC&SEC={0E0491AF-22FA-4714-A2CF-8A0562E79E02}&DE={3F4E3735-34F3-484B-9DBA-E3DE4EA3DAD1}"
    },
    {
        "date": "2022-04-21",
        "agenda": "https://www.town.williston.vt.us/index.asp?Type=B_BASIC&SEC={0E0491AF-22FA-4714-A2CF-8A0562E79E02}&DE={6C54A66C-E7EE-446A-813B-6C03562A5397}"
    },
    {
        "date": "2022-02-10",
        "agenda": "https://www.town.williston.vt.us/index.asp?Type=B_BASIC&SEC={0E0491AF-22FA-4714-A2CF-8A0562E79E02}&DE={3133C7F2-04CB-4223-A490-4F318EAD8733}"
    },
    {
        "date": "2022-01-13",
        "agenda": "https://www.town.williston.vt.us/index.asp?Type=B_BASIC&SEC={0E0491AF-22FA-4714-A2CF-8A0562E79E02}&DE={FFBB50B4-984F-42AC-B231-2F3FA2A536EC}"
    },
    {
        "date": "2021-12-09",
        "agenda": "https://www.town.williston.vt.us/index.asp?Type=B_BASIC&SEC={811A29B6-FF12-4914-BF4A-D7EF2AB7E5B3}&DE={9C65FD9A-C5F5-4DA4-AE41-FD003B2B79B8}"
    },
    {
        "date": "2021-11-18",
        "agenda": "https://www.town.williston.vt.us/index.asp?Type=B_BASIC&SEC={811A29B6-FF12-4914-BF4A-D7EF2AB7E5B3}&DE={F05C4EB4-A0A8-4B84-A272-98B0AC31EC48}"
    },
    {
        "date": "2021-10-14",
        "agenda": "https://www.town.williston.vt.us/index.asp?Type=B_BASIC&SEC={811A29B6-FF12-4914-BF4A-D7EF2AB7E5B3}&DE={CC75E6C4-7499-4AD0-9F1C-FA12063D2981}"
    },
    {
        "date": "2021-09-23",
        "agenda": "https://www.town.williston.vt.us/index.asp?Type=B_BASIC&SEC={811A29B6-FF12-4914-BF4A-D7EF2AB7E5B3}&DE={A37321D0-6F88-4328-A60C-83DEDEB714A1}"
    },
    {
        "date": "2021-07-12",
        "agenda": "https://www.town.williston.vt.us/index.asp?Type=B_BASIC&SEC={811A29B6-FF12-4914-BF4A-D7EF2AB7E5B3}&DE={31D81160-0EFE-48E7-BBDB-6E3C3D903F32}"
    },
    {
        "date": "2021-05-10",
        "agenda": "https://www.town.williston.vt.us/index.asp?Type=B_BASIC&SEC={811A29B6-FF12-4914-BF4A-D7EF2AB7E5B3}&DE={F0A3E3DA-6F18-478D-9E72-8C63F9FB9D01}"
    },
    {
        "date": "2021-04-12",
        "agenda": "https://www.town.williston.vt.us/index.asp?Type=B_BASIC&SEC={811A29B6-FF12-4914-BF4A-D7EF2AB7E5B3}&DE={AF8207CC-077F-4F6C-B8FD-2ACD6888DAFB}"
    },
    {
        "date": "2021-03-08",
        "agenda": "https://www.town.williston.vt.us/index.asp?Type=B_BASIC&SEC={811A29B6-FF12-4914-BF4A-D7EF2AB7E5B3}&DE={F1E6F996-39D7-414D-BF2F-C1E45602D7A7}"
    },
    {
        "date": "2021-02-08",
        "agenda": "https://www.town.williston.vt.us/index.asp?Type=B_BASIC&SEC={811A29B6-FF12-4914-BF4A-D7EF2AB7E5B3}&DE={483EA1D2-EAA8-49FC-8381-251BD51A87B4}"
    },
    {
        "date": "2020-12-14",
        "agenda": "https://www.town.williston.vt.us/index.asp?Type=B_BASIC&SEC={FEA7A39E-341C-47E2-AB72-B69143487FF4}&DE={84DA6704-36CD-4276-9AD5-FBBEE3E78ED9}"
    },
    {
        "date": "2020-10-19",
        "agenda": "https://www.town.williston.vt.us/index.asp?Type=B_BASIC&SEC={FEA7A39E-341C-47E2-AB72-B69143487FF4}&DE={803B25AD-08C2-4725-9956-F3BCA69ADD21}"
    },
    {
        "date": "2020-08-10",
        "agenda": "https://www.town.williston.vt.us/index.asp?Type=B_BASIC&SEC={FEA7A39E-341C-47E2-AB72-B69143487FF4}&DE={3B49A48B-845E-4904-B854-8C7209C63000}"
    },
    {
        "date": "2020-06-29",
        "agenda": "https://www.town.williston.vt.us/index.asp?Type=B_BASIC&SEC={FEA7A39E-341C-47E2-AB72-B69143487FF4}&DE={48688C4C-5F71-4227-9D89-6775A0740483}"
    },
    {
        "date": "2020-04-13",
        "agenda": "https://www.town.williston.vt.us/index.asp?Type=B_BASIC&SEC={FEA7A39E-341C-47E2-AB72-B69143487FF4}&DE={A44AB221-78BC-4A90-B18C-3C3E482EEBC0}"
    },
    {
        "date": "2020-02-10",
        "agenda": "https://www.town.williston.vt.us/index.asp?Type=B_BASIC&SEC={FEA7A39E-341C-47E2-AB72-B69143487FF4}&DE={ED875E8D-5F25-435F-A334-AE5C14D7EEBE}"
    },
    {
        "date": "2019-12-16",
        "agenda": "https://www.town.williston.vt.us/index.asp?Type=B_BASIC&SEC={8D66D625-BBB8-47C8-A14E-78C84AD5DC9B}&DE={E49933F6-3A0E-4732-BEC9-6C70322F0A75}"
    }
]