{
  "name": "Not Real Committee",
  "meetings": [
    {
      "date": "2025-01-08",
      "agenda": "anytown.us.gov/the_agenda.pdf"
    }
  ]
}
